// Jest Snapshot v1, https://goo.gl/fbAQLP

exports[`PokemonOptions component Debe de hacer match con el snapshot 1`] = `
VueWrapper {
  "__app": Object {
    "_component": Object {
      "name": "VTU_ROOT",
      "render": [Function],
    },
    "_container": <div
      data-v-app=""
    >
      <div>
        <div
          class="options-container"
        >
          <ul>
            
            <li>
              bulbasaur
            </li>
            <li>
              ivysaur
            </li>
            <li>
              venusaur
            </li>
            <li>
              charmander
            </li>
            
          </ul>
        </div>
      </div>
    </div>,
    "_context": Object {
      "app": [Circular],
      "components": Object {
        "transition": Object {
          "name": "transition",
        },
        "transition-group": Object {
          "name": "transition-group",
        },
      },
      "config": Object {
        "compilerOptions": Object {},
        "errorHandler": undefined,
        "globalProperties": Object {},
        "isNativeTag": [Function],
        "optionMergeStrategies": Object {},
        "performance": false,
        "warnHandler": undefined,
      },
      "directives": Object {},
      "emitsCache": WeakMap {},
      "mixins": Array [
        Object {
          "beforeCreate": [Function],
        },
      ],
      "optionsCache": WeakMap {},
      "propsCache": WeakMap {},
      "provides": Object {},
      "reload": [Function],
    },
    "_instance": Object {
      "a": null,
      "accessCache": Object {},
      "appContext": Object {
        "app": [Circular],
        "components": Object {
          "transition": Object {
            "name": "transition",
          },
          "transition-group": Object {
            "name": "transition-group",
          },
        },
        "config": Object {
          "compilerOptions": Object {},
          "errorHandler": undefined,
          "globalProperties": Object {},
          "isNativeTag": [Function],
          "optionMergeStrategies": Object {},
          "performance": false,
          "warnHandler": undefined,
        },
        "directives": Object {},
        "emitsCache": WeakMap {},
        "mixins": Array [
          Object {
            "beforeCreate": [Function],
          },
        ],
        "optionsCache": WeakMap {},
        "propsCache": WeakMap {},
        "provides": Object {},
        "reload": [Function],
      },
      "asyncDep": null,
      "asyncResolved": false,
      "attrs": Object {},
      "bc": null,
      "bm": null,
      "bu": null,
      "bum": null,
      "c": null,
      "components": null,
      "ctx": Object {},
      "da": null,
      "data": Object {},
      "directives": null,
      "ec": null,
      "effect": ReactiveEffect {
        "active": true,
        "allowRecurse": true,
        "deps": Array [
          Set {
            [Circular],
          },
          Set {
            [Circular],
          },
          Set {
            [Circular],
          },
        ],
        "fn": [Function],
        "onTrack": undefined,
        "onTrigger": undefined,
        "parent": undefined,
        "scheduler": [Function],
      },
      "emit": [Function],
      "emitsOptions": null,
      "emitted": null,
      "exposeProxy": null,
      "exposed": null,
      "inheritAttrs": undefined,
      "isDeactivated": false,
      "isMounted": true,
      "isUnmounted": false,
      "m": null,
      "next": null,
      "parent": null,
      "props": Object {},
      "propsDefaults": Object {},
      "propsOptions": Array [
        Object {},
        Array [],
      ],
      "provides": Object {},
      "proxy": Object {},
      "refs": Object {
        "VTU_COMPONENT": Object {
          "hasOwnProperty": [Function],
          "pokemons": Array [
            Object {
              "id": 1,
              "name": "bulbasaur",
            },
            Object {
              "id": 2,
              "name": "ivysaur",
            },
            Object {
              "id": 3,
              "name": "venusaur",
            },
            Object {
              "id": 4,
              "name": "charmander",
            },
          ],
        },
      },
      "render": [Function],
      "renderCache": Array [],
      "root": [Circular],
      "rtc": null,
      "rtg": null,
      "scope": EffectScope {
        "active": true,
        "cleanups": Array [],
        "effects": Array [
          ReactiveEffect {
            "active": true,
            "allowRecurse": true,
            "deps": Array [
              Set {
                [Circular],
              },
              Set {
                [Circular],
              },
              Set {
                [Circular],
              },
            ],
            "fn": [Function],
            "onTrack": undefined,
            "onTrigger": undefined,
            "parent": undefined,
            "scheduler": [Function],
          },
        ],
      },
      "setupContext": null,
      "setupState": Object {},
      "slots": Object {},
      "sp": null,
      "subTree": Object {
        "__v_isVNode": true,
        "__v_skip": true,
        "anchor": null,
        "appContext": null,
        "children": null,
        "component": Object {
          "a": null,
          "accessCache": Object {
            "@@__IMMUTABLE_ITERABLE__@@": 0,
            "@@__IMMUTABLE_RECORD__@@": 0,
            "_isMockFunction": 0,
            "constructor": 0,
            "hasOwnProperty": 4,
            "isVueInstance": 0,
            "pokemons": 3,
            "toJSON": 0,
            Symbol(Symbol.toStringTag): 0,
          },
          "appContext": Object {
            "app": [Circular],
            "components": Object {
              "transition": Object {
                "name": "transition",
              },
              "transition-group": Object {
                "name": "transition-group",
              },
            },
            "config": Object {
              "compilerOptions": Object {},
              "errorHandler": undefined,
              "globalProperties": Object {},
              "isNativeTag": [Function],
              "optionMergeStrategies": Object {},
              "performance": false,
              "warnHandler": undefined,
            },
            "directives": Object {},
            "emitsCache": WeakMap {},
            "mixins": Array [
              Object {
                "beforeCreate": [Function],
              },
            ],
            "optionsCache": WeakMap {},
            "propsCache": WeakMap {},
            "provides": Object {},
            "reload": [Function],
          },
          "asyncDep": null,
          "asyncResolved": false,
          "attrs": Object {},
          "bc": null,
          "bm": null,
          "bu": null,
          "bum": null,
          "c": null,
          "components": Object {},
          "ctx": Object {
            "hasOwnProperty": [Function],
            "pokemons": Array [
              Object {
                "id": 1,
                "name": "bulbasaur",
              },
              Object {
                "id": 2,
                "name": "ivysaur",
              },
              Object {
                "id": 3,
                "name": "venusaur",
              },
              Object {
                "id": 4,
                "name": "charmander",
              },
            ],
          },
          "da": null,
          "data": Object {},
          "directives": null,
          "ec": null,
          "effect": ReactiveEffect {
            "active": true,
            "allowRecurse": true,
            "deps": Array [
              Set {
                [Circular],
              },
              Set {
                [Circular],
              },
              Set {
                [Circular],
              },
              Set {
                [Circular],
              },
              Set {
                [Circular],
              },
              Set {
                [Circular],
              },
              Set {
                [Circular],
              },
              Set {
                [Circular],
              },
              Set {
                [Circular],
              },
              Set {
                [Circular],
              },
              Set {
                [Circular],
              },
              Set {
                [Circular],
              },
              Set {
                [Circular],
              },
              Set {
                [Circular],
              },
            ],
            "fn": [Function],
            "onTrack": undefined,
            "onTrigger": undefined,
            "parent": undefined,
            "scheduler": [Function],
          },
          "emit": [Function],
          "emitsOptions": null,
          "emitted": null,
          "exposeProxy": null,
          "exposed": null,
          "inheritAttrs": undefined,
          "isDeactivated": false,
          "isMounted": true,
          "isUnmounted": false,
          "m": null,
          "next": null,
          "parent": [Circular],
          "props": Object {
            "pokemons": Array [
              Object {
                "id": 1,
                "name": "bulbasaur",
              },
              Object {
                "id": 2,
                "name": "ivysaur",
              },
              Object {
                "id": 3,
                "name": "venusaur",
              },
              Object {
                "id": 4,
                "name": "charmander",
              },
            ],
          },
          "propsDefaults": Object {},
          "propsOptions": Array [
            Object {
              "pokemons": Object {
                "0": false,
                "1": true,
                "required": true,
                "type": [Function],
              },
            },
            Array [],
          ],
          "provides": Object {},
          "proxy": Object {
            "hasOwnProperty": [Function],
            "pokemons": Array [
              Object {
                "id": 1,
                "name": "bulbasaur",
              },
              Object {
                "id": 2,
                "name": "ivysaur",
              },
              Object {
                "id": 3,
                "name": "venusaur",
              },
              Object {
                "id": 4,
                "name": "charmander",
              },
            ],
          },
          "refs": Object {},
          "render": [Function],
          "renderCache": Array [],
          "root": [Circular],
          "rtc": null,
          "rtg": null,
          "scope": EffectScope {
            "active": true,
            "cleanups": Array [],
            "effects": Array [
              ReactiveEffect {
                "active": true,
                "allowRecurse": true,
                "deps": Array [
                  Set {
                    [Circular],
                  },
                  Set {
                    [Circular],
                  },
                  Set {
                    [Circular],
                  },
                  Set {
                    [Circular],
                  },
                  Set {
                    [Circular],
                  },
                  Set {
                    [Circular],
                  },
                  Set {
                    [Circular],
                  },
                  Set {
                    [Circular],
                  },
                  Set {
                    [Circular],
                  },
                  Set {
                    [Circular],
                  },
                  Set {
                    [Circular],
                  },
                  Set {
                    [Circular],
                  },
                  Set {
                    [Circular],
                  },
                  Set {
                    [Circular],
                  },
                ],
                "fn": [Function],
                "onTrack": undefined,
                "onTrigger": undefined,
                "parent": undefined,
                "scheduler": [Function],
              },
            ],
          },
          "setupContext": null,
          "setupState": Object {},
          "slots": Object {},
          "sp": null,
          "subTree": Object {
            "__v_isVNode": true,
            "__v_skip": true,
            "anchor": null,
            "appContext": null,
            "children": Array [
              Object {
                "__v_isVNode": true,
                "__v_skip": true,
                "anchor": null,
                "appContext": null,
                "children": Array [
                  Object {
                    "__v_isVNode": true,
                    "__v_skip": true,
                    "anchor": null,
                    "appContext": null,
                    "children": Array [
                      Object {
                        "__v_isVNode": true,
                        "__v_skip": true,
                        "anchor": ,
                        "appContext": null,
                        "children": Array [
                          Object {
                            "__v_isVNode": true,
                            "__v_skip": true,
                            "anchor": null,
                            "appContext": null,
                            "children": "bulbasaur",
                            "component": null,
                            "dirs": null,
                            "dynamicChildren": Array [],
                            "dynamicProps": Array [
                              "onClick",
                            ],
                            "el": <li>
                              bulbasaur
                            </li>,
                            "key": 1,
                            "patchFlag": 9,
                            "props": Object {
                              "key": 1,
                              "onClick": [Function],
                            },
                            "ref": null,
                            "scopeId": null,
                            "shapeFlag": 9,
                            "slotScopeIds": null,
                            "ssContent": null,
                            "ssFallback": null,
                            "staticCount": 0,
                            "suspense": null,
                            "target": null,
                            "targetAnchor": null,
                            "transition": null,
                            "type": "li",
                          },
                          Object {
                            "__v_isVNode": true,
                            "__v_skip": true,
                            "anchor": null,
                            "appContext": null,
                            "children": "ivysaur",
                            "component": null,
                            "dirs": null,
                            "dynamicChildren": Array [],
                            "dynamicProps": Array [
                              "onClick",
                            ],
                            "el": <li>
                              ivysaur
                            </li>,
                            "key": 2,
                            "patchFlag": 9,
                            "props": Object {
                              "key": 2,
                              "onClick": [Function],
                            },
                            "ref": null,
                            "scopeId": null,
                            "shapeFlag": 9,
                            "slotScopeIds": null,
                            "ssContent": null,
                            "ssFallback": null,
                            "staticCount": 0,
                            "suspense": null,
                            "target": null,
                            "targetAnchor": null,
                            "transition": null,
                            "type": "li",
                          },
                          Object {
                            "__v_isVNode": true,
                            "__v_skip": true,
                            "anchor": null,
                            "appContext": null,
                            "children": "venusaur",
                            "component": null,
                            "dirs": null,
                            "dynamicChildren": Array [],
                            "dynamicProps": Array [
                              "onClick",
                            ],
                            "el": <li>
                              venusaur
                            </li>,
                            "key": 3,
                            "patchFlag": 9,
                            "props": Object {
                              "key": 3,
                              "onClick": [Function],
                            },
                            "ref": null,
                            "scopeId": null,
                            "shapeFlag": 9,
                            "slotScopeIds": null,
                            "ssContent": null,
                            "ssFallback": null,
                            "staticCount": 0,
                            "suspense": null,
                            "target": null,
                            "targetAnchor": null,
                            "transition": null,
                            "type": "li",
                          },
                          Object {
                            "__v_isVNode": true,
                            "__v_skip": true,
                            "anchor": null,
                            "appContext": null,
                            "children": "charmander",
                            "component": null,
                            "dirs": null,
                            "dynamicChildren": Array [],
                            "dynamicProps": Array [
                              "onClick",
                            ],
                            "el": <li>
                              charmander
                            </li>,
                            "key": 4,
                            "patchFlag": 9,
                            "props": Object {
                              "key": 4,
                              "onClick": [Function],
                            },
                            "ref": null,
                            "scopeId": null,
                            "shapeFlag": 9,
                            "slotScopeIds": null,
                            "ssContent": null,
                            "ssFallback": null,
                            "staticCount": 0,
                            "suspense": null,
                            "target": null,
                            "targetAnchor": null,
                            "transition": null,
                            "type": "li",
                          },
                        ],
                        "component": null,
                        "dirs": null,
                        "dynamicChildren": Array [],
                        "dynamicProps": null,
                        "el": ,
                        "key": null,
                        "patchFlag": 128,
                        "props": null,
                        "ref": null,
                        "scopeId": null,
                        "shapeFlag": 16,
                        "slotScopeIds": null,
                        "ssContent": null,
                        "ssFallback": null,
                        "staticCount": 0,
                        "suspense": null,
                        "target": null,
                        "targetAnchor": null,
                        "transition": null,
                        "type": Symbol(Fragment),
                      },
                    ],
                    "component": null,
                    "dirs": null,
                    "dynamicChildren": null,
                    "dynamicProps": null,
                    "el": <ul>
                      
                      <li>
                        bulbasaur
                      </li>
                      <li>
                        ivysaur
                      </li>
                      <li>
                        venusaur
                      </li>
                      <li>
                        charmander
                      </li>
                      
                    </ul>,
                    "key": null,
                    "patchFlag": 0,
                    "props": null,
                    "ref": null,
                    "scopeId": null,
                    "shapeFlag": 17,
                    "slotScopeIds": null,
                    "ssContent": null,
                    "ssFallback": null,
                    "staticCount": 0,
                    "suspense": null,
                    "target": null,
                    "targetAnchor": null,
                    "transition": null,
                    "type": "ul",
                  },
                ],
                "component": null,
                "dirs": null,
                "dynamicChildren": null,
                "dynamicProps": null,
                "el": <div
                  class="options-container"
                >
                  <ul>
                    
                    <li>
                      bulbasaur
                    </li>
                    <li>
                      ivysaur
                    </li>
                    <li>
                      venusaur
                    </li>
                    <li>
                      charmander
                    </li>
                    
                  </ul>
                </div>,
                "key": null,
                "patchFlag": 0,
                "props": Object {
                  "class": "options-container",
                },
                "ref": null,
                "scopeId": null,
                "shapeFlag": 17,
                "slotScopeIds": null,
                "ssContent": null,
                "ssFallback": null,
                "staticCount": 0,
                "suspense": null,
                "target": null,
                "targetAnchor": null,
                "transition": null,
                "type": "div",
              },
            ],
            "component": null,
            "dirs": null,
            "dynamicChildren": Array [
              Object {
                "__v_isVNode": true,
                "__v_skip": true,
                "anchor": ,
                "appContext": null,
                "children": Array [
                  Object {
                    "__v_isVNode": true,
                    "__v_skip": true,
                    "anchor": null,
                    "appContext": null,
                    "children": "bulbasaur",
                    "component": null,
                    "dirs": null,
                    "dynamicChildren": Array [],
                    "dynamicProps": Array [
                      "onClick",
                    ],
                    "el": <li>
                      bulbasaur
                    </li>,
                    "key": 1,
                    "patchFlag": 9,
                    "props": Object {
                      "key": 1,
                      "onClick": [Function],
                    },
                    "ref": null,
                    "scopeId": null,
                    "shapeFlag": 9,
                    "slotScopeIds": null,
                    "ssContent": null,
                    "ssFallback": null,
                    "staticCount": 0,
                    "suspense": null,
                    "target": null,
                    "targetAnchor": null,
                    "transition": null,
                    "type": "li",
                  },
                  Object {
                    "__v_isVNode": true,
                    "__v_skip": true,
                    "anchor": null,
                    "appContext": null,
                    "children": "ivysaur",
                    "component": null,
                    "dirs": null,
                    "dynamicChildren": Array [],
                    "dynamicProps": Array [
                      "onClick",
                    ],
                    "el": <li>
                      ivysaur
                    </li>,
                    "key": 2,
                    "patchFlag": 9,
                    "props": Object {
                      "key": 2,
                      "onClick": [Function],
                    },
                    "ref": null,
                    "scopeId": null,
                    "shapeFlag": 9,
                    "slotScopeIds": null,
                    "ssContent": null,
                    "ssFallback": null,
                    "staticCount": 0,
                    "suspense": null,
                    "target": null,
                    "targetAnchor": null,
                    "transition": null,
                    "type": "li",
                  },
                  Object {
                    "__v_isVNode": true,
                    "__v_skip": true,
                    "anchor": null,
                    "appContext": null,
                    "children": "venusaur",
                    "component": null,
                    "dirs": null,
                    "dynamicChildren": Array [],
                    "dynamicProps": Array [
                      "onClick",
                    ],
                    "el": <li>
                      venusaur
                    </li>,
                    "key": 3,
                    "patchFlag": 9,
                    "props": Object {
                      "key": 3,
                      "onClick": [Function],
                    },
                    "ref": null,
                    "scopeId": null,
                    "shapeFlag": 9,
                    "slotScopeIds": null,
                    "ssContent": null,
                    "ssFallback": null,
                    "staticCount": 0,
                    "suspense": null,
                    "target": null,
                    "targetAnchor": null,
                    "transition": null,
                    "type": "li",
                  },
                  Object {
                    "__v_isVNode": true,
                    "__v_skip": true,
                    "anchor": null,
                    "appContext": null,
                    "children": "charmander",
                    "component": null,
                    "dirs": null,
                    "dynamicChildren": Array [],
                    "dynamicProps": Array [
                      "onClick",
                    ],
                    "el": <li>
                      charmander
                    </li>,
                    "key": 4,
                    "patchFlag": 9,
                    "props": Object {
                      "key": 4,
                      "onClick": [Function],
                    },
                    "ref": null,
                    "scopeId": null,
                    "shapeFlag": 9,
                    "slotScopeIds": null,
                    "ssContent": null,
                    "ssFallback": null,
                    "staticCount": 0,
                    "suspense": null,
                    "target": null,
                    "targetAnchor": null,
                    "transition": null,
                    "type": "li",
                  },
                ],
                "component": null,
                "dirs": null,
                "dynamicChildren": Array [],
                "dynamicProps": null,
                "el": ,
                "key": null,
                "patchFlag": 128,
                "props": null,
                "ref": null,
                "scopeId": null,
                "shapeFlag": 16,
                "slotScopeIds": null,
                "ssContent": null,
                "ssFallback": null,
                "staticCount": 0,
                "suspense": null,
                "target": null,
                "targetAnchor": null,
                "transition": null,
                "type": Symbol(Fragment),
              },
            ],
            "dynamicProps": null,
            "el": <div>
              <div
                class="options-container"
              >
                <ul>
                  
                  <li>
                    bulbasaur
                  </li>
                  <li>
                    ivysaur
                  </li>
                  <li>
                    venusaur
                  </li>
                  <li>
                    charmander
                  </li>
                  
                </ul>
              </div>
            </div>,
            "key": null,
            "patchFlag": 0,
            "props": null,
            "ref": null,
            "scopeId": null,
            "shapeFlag": 17,
            "slotScopeIds": null,
            "ssContent": null,
            "ssFallback": null,
            "staticCount": 0,
            "suspense": null,
            "target": null,
            "targetAnchor": null,
            "transition": null,
            "type": "div",
          },
          "suspense": null,
          "suspenseId": 0,
          "type": Object {
            "components": Object {},
            "props": Object {
              "pokemons": Object {
                "0": false,
                "1": true,
                "required": true,
                "type": [Function],
              },
            },
            "render": [Function],
          },
          "u": null,
          "uid": 1,
          "um": null,
          "update": [Function],
          "vnode": [Circular],
          "withProxy": null,
        },
        "dirs": null,
        "dynamicChildren": null,
        "dynamicProps": null,
        "el": <div>
          <div
            class="options-container"
          >
            <ul>
              
              <li>
                bulbasaur
              </li>
              <li>
                ivysaur
              </li>
              <li>
                venusaur
              </li>
              <li>
                charmander
              </li>
              
            </ul>
          </div>
        </div>,
        "key": null,
        "patchFlag": 0,
        "props": Object {
          "pokemons": Array [
            Object {
              "id": 1,
              "name": "bulbasaur",
            },
            Object {
              "id": 2,
              "name": "ivysaur",
            },
            Object {
              "id": 3,
              "name": "venusaur",
            },
            Object {
              "id": 4,
              "name": "charmander",
            },
          ],
          "ref": "VTU_COMPONENT",
        },
        "ref": Object {
          "f": false,
          "i": [Circular],
          "k": undefined,
          "r": "VTU_COMPONENT",
        },
        "scopeId": null,
        "shapeFlag": 4,
        "slotScopeIds": null,
        "ssContent": null,
        "ssFallback": null,
        "staticCount": 0,
        "suspense": null,
        "target": null,
        "targetAnchor": null,
        "transition": null,
        "type": Object {
          "components": Object {},
          "props": Object {
            "pokemons": Object {
              "0": false,
              "1": true,
              "required": true,
              "type": [Function],
            },
          },
          "render": [Function],
        },
      },
      "suspense": null,
      "suspenseId": 0,
      "type": Object {
        "name": "VTU_ROOT",
        "render": [Function],
      },
      "u": null,
      "uid": 0,
      "um": null,
      "update": [Function],
      "vnode": Object {
        "__v_isVNode": true,
        "__v_skip": true,
        "anchor": null,
        "appContext": Object {
          "app": [Circular],
          "components": Object {
            "transition": Object {
              "name": "transition",
            },
            "transition-group": Object {
              "name": "transition-group",
            },
          },
          "config": Object {
            "compilerOptions": Object {},
            "errorHandler": undefined,
            "globalProperties": Object {},
            "isNativeTag": [Function],
            "optionMergeStrategies": Object {},
            "performance": false,
            "warnHandler": undefined,
          },
          "directives": Object {},
          "emitsCache": WeakMap {},
          "mixins": Array [
            Object {
              "beforeCreate": [Function],
            },
          ],
          "optionsCache": WeakMap {},
          "propsCache": WeakMap {},
          "provides": Object {},
          "reload": [Function],
        },
        "children": null,
        "component": [Circular],
        "dirs": null,
        "dynamicChildren": null,
        "dynamicProps": null,
        "el": <div>
          <div
            class="options-container"
          >
            <ul>
              
              <li>
                bulbasaur
              </li>
              <li>
                ivysaur
              </li>
              <li>
                venusaur
              </li>
              <li>
                charmander
              </li>
              
            </ul>
          </div>
        </div>,
        "key": null,
        "patchFlag": 0,
        "props": null,
        "ref": null,
        "scopeId": null,
        "shapeFlag": 4,
        "slotScopeIds": null,
        "ssContent": null,
        "ssFallback": null,
        "staticCount": 0,
        "suspense": null,
        "target": null,
        "targetAnchor": null,
        "transition": null,
        "type": Object {
          "name": "VTU_ROOT",
          "render": [Function],
        },
      },
      "withProxy": null,
    },
    "_props": null,
    "_uid": 0,
    "component": [Function],
    "config": Object {
      "compilerOptions": Object {},
      "errorHandler": undefined,
      "globalProperties": Object {},
      "isNativeTag": [Function],
      "optionMergeStrategies": Object {},
      "performance": false,
      "warnHandler": undefined,
    },
    "directive": [Function],
    "mixin": [Function],
    "mount": [Function],
    "provide": [Function],
    "unmount": [Function],
    "use": [Function],
    "version": "3.2.30",
  },
  "__setProps": [Function],
  "componentVM": Object {
    "hasOwnProperty": [Function],
    "pokemons": Array [
      Object {
        "id": 1,
        "name": "bulbasaur",
      },
      Object {
        "id": 2,
        "name": "ivysaur",
      },
      Object {
        "id": 3,
        "name": "venusaur",
      },
      Object {
        "id": 4,
        "name": "charmander",
      },
    ],
  },
  "isDisabled": [Function],
  "rootVM": Object {},
  "wrapperElement": <div>
    <div
      class="options-container"
    >
      <ul>
        
        <li>
          bulbasaur
        </li>
        <li>
          ivysaur
        </li>
        <li>
          venusaur
        </li>
        <li>
          charmander
        </li>
        
      </ul>
    </div>
  </div>,
}
`;
